// Jest Snapshot v1, https://goo.gl/fbAQLP

exports[`contrato OpenAPI — rotas de auth mantém o conjunto de paths /auth com seus métodos 1`] = `
[
  [
    "/v1/auth/access-history",
    [
      "get",
    ],
  ],
  [
    "/v1/auth/access-link",
    [
      "get",
    ],
  ],
  [
    "/v1/auth/access-link/avatar",
    [
      "post",
    ],
  ],
  [
    "/v1/auth/access-link/cancel",
    [
      "post",
    ],
  ],
  [
    "/v1/auth/avatar",
    [
      "post",
    ],
  ],
  [
    "/v1/auth/change-email",
    [
      "post",
    ],
  ],
  [
    "/v1/auth/change-password",
    [
      "post",
    ],
  ],
  [
    "/v1/auth/confirm-email-change",
    [
      "post",
    ],
  ],
  [
    "/v1/auth/devices",
    [
      "delete",
      "get",
    ],
  ],
  [
    "/v1/auth/devices/{id}",
    [
      "delete",
    ],
  ],
  [
    "/v1/auth/email-change",
    [
      "get",
    ],
  ],
  [
    "/v1/auth/forgot-password",
    [
      "post",
    ],
  ],
  [
    "/v1/auth/login",
    [
      "post",
    ],
  ],
  [
    "/v1/auth/logout",
    [
      "post",
    ],
  ],
  [
    "/v1/auth/profile",
    [
      "patch",
    ],
  ],
  [
    "/v1/auth/resend-verification",
    [
      "post",
    ],
  ],
  [
    "/v1/auth/reset-password",
    [
      "post",
    ],
  ],
  [
    "/v1/auth/session",
    [
      "get",
    ],
  ],
  [
    "/v1/auth/set-password",
    [
      "post",
    ],
  ],
  [
    "/v1/auth/verify-email",
    [
      "post",
    ],
  ],
]
`;

exports[`contrato OpenAPI — rotas de auth mantém os schemas de DTO de auth 1`] = `
[
  "ChangePasswordDto",
  "CurrentUserResponseDto",
  "DeviceListResponseDto",
  "ForgotPasswordDto",
  "LoginDto",
  "ResetPasswordDto",
  "VerifyEmailDto",
]
`;
